components/Citizen/LodgeComplaint.tsx(330,12): error TS17008: JSX element 'div' has no corresponding closing tag.
